 
****************************************
Report : constraint
        -all_violators
Design : fifo1_sram
Version: P-2019.03-SP1-1
Date   : Wed Jun 10 20:38:34 2020
****************************************


   max_transition

                             Required        Actual
   Net                      Transition     Transition        Slack
   -----------------------------------------------------------------
   wfull                        0.50           0.90          -0.40  (VIOLATED)
       PORT :  wfull            0.50           0.90          -0.40  (VIOLATED)
   rempty                       0.50           0.90          -0.40  (VIOLATED)
       PORT :  rempty           0.50           0.90          -0.40  (VIOLATED)
   rdata[0]                     0.50           0.89          -0.39  (VIOLATED)
       PORT :  rdata[0]         0.50           0.89          -0.39  (VIOLATED)
   rdata[1]                     0.50           0.89          -0.39  (VIOLATED)
       PORT :  rdata[1]         0.50           0.89          -0.39  (VIOLATED)
   rdata[2]                     0.50           0.89          -0.39  (VIOLATED)
       PORT :  rdata[2]         0.50           0.89          -0.39  (VIOLATED)
   rdata[3]                     0.50           0.89          -0.39  (VIOLATED)
       PORT :  rdata[3]         0.50           0.89          -0.39  (VIOLATED)
   rdata[4]                     0.50           0.89          -0.39  (VIOLATED)
       PORT :  rdata[4]         0.50           0.89          -0.39  (VIOLATED)
   rdata[5]                     0.50           0.89          -0.39  (VIOLATED)
       PORT :  rdata[5]         0.50           0.89          -0.39  (VIOLATED)
   rdata[6]                     0.50           0.89          -0.39  (VIOLATED)
       PORT :  rdata[6]         0.50           0.89          -0.39  (VIOLATED)
   rdata[7]                     0.50           0.89          -0.39  (VIOLATED)
       PORT :  rdata[7]         0.50           0.89          -0.39  (VIOLATED)

   -----------------------------------------------------------------
   Total                      10                 -3.95  

   max_leakage_power

                             Required        Actual
   Design                   Leakage Power  Leakage Power     Slack
   -----------------------------------------------------------------
   fifo1_sram                   0.00       1087170304.00  -1087170304.00
                                                                    (VIOLATED)


Min pulse width constraints

                       Required      Actual
  Pin                pulse width   pulse width   Slack           Scenario
--------------------------------------------------------------------------------
  sync_w2r/rq2_wptr_reg_3_/CLK(high)
                      1.51          1.50         -0.01 (VIOLATED)
  sync_w2r/rq2_wptr_reg_4_/CLK(high)
                      1.51          1.50         -0.01 (VIOLATED)
  sync_w2r/rq2_wptr_reg_5_/CLK(high)
                      1.51          1.50         -0.01 (VIOLATED)
  sync_w2r/rq2_wptr_reg_6_/CLK(high)
                      1.51          1.50         -0.01 (VIOLATED)
  sync_w2r/rq2_wptr_reg_7_/CLK(high)
                      1.51          1.50         -0.01 (VIOLATED)
  sync_w2r/rq2_wptr_reg_8_/CLK(high)
                      1.51          1.50         -0.01 (VIOLATED)
  sync_w2r/rq2_wptr_reg_9_/CLK(high)
                      1.51          1.50         -0.01 (VIOLATED)
  sync_w2r/rq2_wptr_reg_10_/CLK(high)
                      1.51          1.50         -0.01 (VIOLATED)

1
