 
****************************************
Report : constraint
        -all_violators
Design : ORCA_TOP
Version: P-2019.03-SP1-1
Date   : Tue Jun 16 01:18:40 2020
****************************************


   min_delay/hold ('SDRAM_CLK' group)

                             Required        Actual
   Endpoint                 Path Delay     Path Delay        Slack
   -----------------------------------------------------------------
   I_SDRAM_TOP/I_SDRAM_IF/mega_shift_0_reg_40__0_/D
                                0.13           0.12 r         0.00  (VIOLATED: increase significant digits)
   I_SDRAM_TOP/I_SDRAM_IF/mega_shift_0_reg_40__2_/D
                                0.13           0.12 r         0.00  (VIOLATED: increase significant digits)
   I_SDRAM_TOP/I_SDRAM_IF/mega_shift_0_reg_40__3_/D
                                0.13           0.12 r         0.00  (VIOLATED: increase significant digits)
   I_SDRAM_TOP/I_SDRAM_IF/mega_shift_0_reg_40__5_/D
                                0.13           0.12 r         0.00  (VIOLATED: increase significant digits)
   I_SDRAM_TOP/I_SDRAM_IF/mega_shift_0_reg_40__8_/D
                                0.13           0.12 r         0.00  (VIOLATED: increase significant digits)
   I_SDRAM_TOP/I_SDRAM_IF/mega_shift_0_reg_40__11_/D
                                0.13           0.12 r         0.00  (VIOLATED: increase significant digits)


   min_delay/hold ('SYS_2x_CLK' group)

                             Required        Actual
   Endpoint                 Path Delay     Path Delay        Slack
   -----------------------------------------------------------------
   I_RISC_CORE/I_REG_FILE_REG_FILE_A_RAM/A1[1]
                                0.20           0.15 f        -0.05  (VIOLATED)
   I_RISC_CORE/I_REG_FILE_REG_FILE_B_RAM/A1[1]
                                0.20           0.15 f        -0.05  (VIOLATED)
   I_RISC_CORE/I_REG_FILE_REG_FILE_C_RAM/A1[1]
                                0.20           0.15 f        -0.05  (VIOLATED)
   I_RISC_CORE/I_REG_FILE_REG_FILE_D_RAM/A1[1]
                                0.20           0.15 f        -0.05  (VIOLATED)
   I_RISC_CORE/I_REG_FILE_REG_FILE_A_RAM/A1[2]
                                0.20           0.15 f        -0.05  (VIOLATED)
   I_RISC_CORE/I_REG_FILE_REG_FILE_B_RAM/A1[2]
                                0.20           0.15 f        -0.05  (VIOLATED)
   I_RISC_CORE/I_REG_FILE_REG_FILE_C_RAM/A1[2]
                                0.20           0.15 f        -0.05  (VIOLATED)
   I_RISC_CORE/I_REG_FILE_REG_FILE_D_RAM/A1[2]
                                0.20           0.15 f        -0.05  (VIOLATED)
   I_RISC_CORE/I_REG_FILE_REG_FILE_A_RAM/A1[5]
                                0.20           0.15 f        -0.05  (VIOLATED)
   I_RISC_CORE/I_REG_FILE_REG_FILE_B_RAM/A1[5]
                                0.20           0.15 f        -0.05  (VIOLATED)
   I_RISC_CORE/I_REG_FILE_REG_FILE_C_RAM/A1[5]
                                0.20           0.15 f        -0.05  (VIOLATED)
   I_RISC_CORE/I_REG_FILE_REG_FILE_D_RAM/A1[5]
                                0.20           0.15 f        -0.05  (VIOLATED)
   I_RISC_CORE/I_REG_FILE_REG_FILE_A_RAM/A1[4]
                                0.20           0.15 f        -0.05  (VIOLATED)
   I_RISC_CORE/I_REG_FILE_REG_FILE_B_RAM/A1[4]
                                0.20           0.15 f        -0.05  (VIOLATED)
   I_RISC_CORE/I_REG_FILE_REG_FILE_C_RAM/A1[4]
                                0.20           0.15 f        -0.05  (VIOLATED)
   I_RISC_CORE/I_REG_FILE_REG_FILE_D_RAM/A1[4]
                                0.20           0.15 f        -0.05  (VIOLATED)
   I_RISC_CORE/I_REG_FILE_REG_FILE_A_RAM/A1[3]
                                0.20           0.15 f        -0.05  (VIOLATED)
   I_RISC_CORE/I_REG_FILE_REG_FILE_B_RAM/A1[3]
                                0.20           0.15 f        -0.05  (VIOLATED)
   I_RISC_CORE/I_REG_FILE_REG_FILE_C_RAM/A1[3]
                                0.20           0.15 f        -0.05  (VIOLATED)
   I_RISC_CORE/I_REG_FILE_REG_FILE_D_RAM/A1[3]
                                0.20           0.15 f        -0.05  (VIOLATED)
   I_RISC_CORE/I_REG_FILE_REG_FILE_A_RAM/A1[6]
                                0.20           0.15 f        -0.05  (VIOLATED)
   I_RISC_CORE/I_REG_FILE_REG_FILE_B_RAM/A1[6]
                                0.20           0.15 f        -0.05  (VIOLATED)
   I_RISC_CORE/I_REG_FILE_REG_FILE_C_RAM/A1[6]
                                0.20           0.15 f        -0.05  (VIOLATED)
   I_RISC_CORE/I_REG_FILE_REG_FILE_D_RAM/A1[6]
                                0.20           0.15 f        -0.05  (VIOLATED)
   I_RISC_CORE/I_REG_FILE_REG_FILE_A_RAM/A1[0]
                                0.20           0.15 f        -0.05  (VIOLATED)
   I_RISC_CORE/I_REG_FILE_REG_FILE_B_RAM/A1[0]
                                0.20           0.15 f        -0.05  (VIOLATED)
   I_RISC_CORE/I_REG_FILE_REG_FILE_C_RAM/A1[0]
                                0.20           0.15 f        -0.05  (VIOLATED)
   I_RISC_CORE/I_REG_FILE_REG_FILE_D_RAM/A1[0]
                                0.20           0.15 f        -0.05  (VIOLATED)
   I_RISC_CORE/I_REG_FILE_REG_FILE_B_RAM/A2[3]
                                0.20           0.15 f        -0.05  (VIOLATED)
   I_RISC_CORE/I_REG_FILE_REG_FILE_D_RAM/A2[3]
                                0.20           0.15 f        -0.05  (VIOLATED)
   I_RISC_CORE/I_REG_FILE_REG_FILE_B_RAM/A2[1]
                                0.20           0.15 f        -0.05  (VIOLATED)
   I_RISC_CORE/I_REG_FILE_REG_FILE_B_RAM/A2[6]
                                0.20           0.15 f        -0.05  (VIOLATED)
   I_RISC_CORE/I_REG_FILE_REG_FILE_D_RAM/A2[1]
                                0.20           0.15 f        -0.05  (VIOLATED)
   I_RISC_CORE/I_REG_FILE_REG_FILE_D_RAM/A2[6]
                                0.20           0.15 f        -0.05  (VIOLATED)
   I_RISC_CORE/I_REG_FILE_REG_FILE_B_RAM/A2[0]
                                0.20           0.15 f        -0.05  (VIOLATED)
   I_RISC_CORE/I_REG_FILE_REG_FILE_D_RAM/A2[0]
                                0.20           0.15 f        -0.05  (VIOLATED)


   min_delay/hold ('SYS_CLK' group)

                             Required        Actual
   Endpoint                 Path Delay     Path Delay        Slack
   -----------------------------------------------------------------
   I_CONTEXT_MEM/I_CONTEXT_RAM_0_2/I1[0]
                                0.20           0.13 f        -0.07  (VIOLATED)
   I_CONTEXT_MEM/I_CONTEXT_RAM_0_2/I1[1]
                                0.20           0.13 f        -0.07  (VIOLATED)
   I_CONTEXT_MEM/I_CONTEXT_RAM_0_2/I1[2]
                                0.20           0.13 f        -0.07  (VIOLATED)
   I_CONTEXT_MEM/I_CONTEXT_RAM_0_2/I1[3]
                                0.20           0.13 f        -0.07  (VIOLATED)
   I_CONTEXT_MEM/I_CONTEXT_RAM_0_2/I1[4]
                                0.20           0.13 f        -0.07  (VIOLATED)
   I_CONTEXT_MEM/I_CONTEXT_RAM_0_2/I1[5]
                                0.20           0.13 f        -0.07  (VIOLATED)
   I_CONTEXT_MEM/I_CONTEXT_RAM_0_2/I1[6]
                                0.20           0.13 f        -0.07  (VIOLATED)
   I_CONTEXT_MEM/I_CONTEXT_RAM_0_2/I1[7]
                                0.20           0.13 f        -0.07  (VIOLATED)
   I_CONTEXT_MEM/I_CONTEXT_RAM_0_3/I1[0]
                                0.20           0.13 f        -0.07  (VIOLATED)
   I_CONTEXT_MEM/I_CONTEXT_RAM_0_3/I1[1]
                                0.20           0.13 f        -0.07  (VIOLATED)
   I_CONTEXT_MEM/I_CONTEXT_RAM_0_3/I1[2]
                                0.20           0.13 f        -0.07  (VIOLATED)
   I_CONTEXT_MEM/I_CONTEXT_RAM_0_3/I1[3]
                                0.20           0.13 f        -0.07  (VIOLATED)
   I_CONTEXT_MEM/I_CONTEXT_RAM_0_3/I1[4]
                                0.20           0.13 f        -0.07  (VIOLATED)
   I_CONTEXT_MEM/I_CONTEXT_RAM_0_3/I1[5]
                                0.20           0.13 f        -0.07  (VIOLATED)
   I_CONTEXT_MEM/I_CONTEXT_RAM_0_3/I1[6]
                                0.20           0.13 f        -0.07  (VIOLATED)
   I_CONTEXT_MEM/I_CONTEXT_RAM_0_3/I1[7]
                                0.20           0.13 f        -0.07  (VIOLATED)
   I_CONTEXT_MEM/I_CONTEXT_RAM_0_4/I1[0]
                                0.20           0.13 f        -0.07  (VIOLATED)
   I_CONTEXT_MEM/I_CONTEXT_RAM_0_4/I1[1]
                                0.20           0.13 f        -0.07  (VIOLATED)
   I_CONTEXT_MEM/I_CONTEXT_RAM_0_4/I1[2]
                                0.20           0.13 f        -0.07  (VIOLATED)
   I_CONTEXT_MEM/I_CONTEXT_RAM_0_4/I1[3]
                                0.20           0.13 f        -0.07  (VIOLATED)
   I_CONTEXT_MEM/I_CONTEXT_RAM_0_4/I1[4]
                                0.20           0.13 f        -0.07  (VIOLATED)
   I_CONTEXT_MEM/I_CONTEXT_RAM_0_4/I1[5]
                                0.20           0.13 f        -0.07  (VIOLATED)
   I_CONTEXT_MEM/I_CONTEXT_RAM_0_4/I1[6]
                                0.20           0.13 f        -0.07  (VIOLATED)
   I_CONTEXT_MEM/I_CONTEXT_RAM_0_4/I1[7]
                                0.20           0.13 f        -0.07  (VIOLATED)
   I_CONTEXT_MEM/I_CONTEXT_RAM_1_2/I1[0]
                                0.20           0.13 f        -0.07  (VIOLATED)
   I_CONTEXT_MEM/I_CONTEXT_RAM_1_2/I1[1]
                                0.20           0.13 f        -0.07  (VIOLATED)
   I_CONTEXT_MEM/I_CONTEXT_RAM_1_2/I1[2]
                                0.20           0.13 f        -0.07  (VIOLATED)
   I_CONTEXT_MEM/I_CONTEXT_RAM_1_2/I1[3]
                                0.20           0.13 f        -0.07  (VIOLATED)
   I_CONTEXT_MEM/I_CONTEXT_RAM_1_2/I1[4]
                                0.20           0.13 f        -0.07  (VIOLATED)
   I_CONTEXT_MEM/I_CONTEXT_RAM_1_2/I1[5]
                                0.20           0.13 f        -0.07  (VIOLATED)
   I_CONTEXT_MEM/I_CONTEXT_RAM_1_2/I1[6]
                                0.20           0.13 f        -0.07  (VIOLATED)
   I_CONTEXT_MEM/I_CONTEXT_RAM_1_2/I1[7]
                                0.20           0.13 f        -0.07  (VIOLATED)
   I_CONTEXT_MEM/I_CONTEXT_RAM_1_3/I1[0]
                                0.20           0.13 f        -0.07  (VIOLATED)
   I_CONTEXT_MEM/I_CONTEXT_RAM_1_3/I1[1]
                                0.20           0.13 f        -0.07  (VIOLATED)
   I_CONTEXT_MEM/I_CONTEXT_RAM_1_3/I1[2]
                                0.20           0.13 f        -0.07  (VIOLATED)
   I_CONTEXT_MEM/I_CONTEXT_RAM_1_3/I1[3]
                                0.20           0.13 f        -0.07  (VIOLATED)
   I_CONTEXT_MEM/I_CONTEXT_RAM_1_3/I1[4]
                                0.20           0.13 f        -0.07  (VIOLATED)
   I_CONTEXT_MEM/I_CONTEXT_RAM_1_3/I1[5]
                                0.20           0.13 f        -0.07  (VIOLATED)
   I_CONTEXT_MEM/I_CONTEXT_RAM_1_3/I1[6]
                                0.20           0.13 f        -0.07  (VIOLATED)
   I_CONTEXT_MEM/I_CONTEXT_RAM_1_3/I1[7]
                                0.20           0.13 f        -0.07  (VIOLATED)
   I_CONTEXT_MEM/I_CONTEXT_RAM_1_4/I1[0]
                                0.20           0.13 f        -0.07  (VIOLATED)
   I_CONTEXT_MEM/I_CONTEXT_RAM_1_4/I1[1]
                                0.20           0.13 f        -0.07  (VIOLATED)
   I_CONTEXT_MEM/I_CONTEXT_RAM_1_4/I1[2]
                                0.20           0.13 f        -0.07  (VIOLATED)
   I_CONTEXT_MEM/I_CONTEXT_RAM_1_4/I1[3]
                                0.20           0.13 f        -0.07  (VIOLATED)
   I_CONTEXT_MEM/I_CONTEXT_RAM_1_4/I1[4]
                                0.20           0.13 f        -0.07  (VIOLATED)
   I_CONTEXT_MEM/I_CONTEXT_RAM_1_4/I1[5]
                                0.20           0.13 f        -0.07  (VIOLATED)
   I_CONTEXT_MEM/I_CONTEXT_RAM_1_4/I1[6]
                                0.20           0.13 f        -0.07  (VIOLATED)
   I_CONTEXT_MEM/I_CONTEXT_RAM_1_4/I1[7]
                                0.20           0.13 f        -0.07  (VIOLATED)
   I_CONTEXT_MEM/I_CONTEXT_RAM_2_2/I1[0]
                                0.20           0.13 f        -0.07  (VIOLATED)
   I_CONTEXT_MEM/I_CONTEXT_RAM_2_2/I1[1]
                                0.20           0.13 f        -0.07  (VIOLATED)
   I_CONTEXT_MEM/I_CONTEXT_RAM_2_2/I1[2]
                                0.20           0.13 f        -0.07  (VIOLATED)
   I_CONTEXT_MEM/I_CONTEXT_RAM_2_2/I1[3]
                                0.20           0.13 f        -0.07  (VIOLATED)
   I_CONTEXT_MEM/I_CONTEXT_RAM_2_2/I1[4]
                                0.20           0.13 f        -0.07  (VIOLATED)
   I_CONTEXT_MEM/I_CONTEXT_RAM_2_2/I1[5]
                                0.20           0.13 f        -0.07  (VIOLATED)
   I_CONTEXT_MEM/I_CONTEXT_RAM_2_2/I1[6]
                                0.20           0.13 f        -0.07  (VIOLATED)
   I_CONTEXT_MEM/I_CONTEXT_RAM_2_2/I1[7]
                                0.20           0.13 f        -0.07  (VIOLATED)
   I_CONTEXT_MEM/I_CONTEXT_RAM_2_3/I1[0]
                                0.20           0.13 f        -0.07  (VIOLATED)
   I_CONTEXT_MEM/I_CONTEXT_RAM_2_3/I1[1]
                                0.20           0.13 f        -0.07  (VIOLATED)
   I_CONTEXT_MEM/I_CONTEXT_RAM_2_3/I1[2]
                                0.20           0.13 f        -0.07  (VIOLATED)
   I_CONTEXT_MEM/I_CONTEXT_RAM_2_3/I1[3]
                                0.20           0.13 f        -0.07  (VIOLATED)
   I_CONTEXT_MEM/I_CONTEXT_RAM_2_3/I1[4]
                                0.20           0.13 f        -0.07  (VIOLATED)
   I_CONTEXT_MEM/I_CONTEXT_RAM_2_3/I1[5]
                                0.20           0.13 f        -0.07  (VIOLATED)
   I_CONTEXT_MEM/I_CONTEXT_RAM_2_3/I1[6]
                                0.20           0.13 f        -0.07  (VIOLATED)
   I_CONTEXT_MEM/I_CONTEXT_RAM_2_3/I1[7]
                                0.20           0.13 f        -0.07  (VIOLATED)
   I_CONTEXT_MEM/I_CONTEXT_RAM_2_4/I1[0]
                                0.20           0.13 f        -0.07  (VIOLATED)
   I_CONTEXT_MEM/I_CONTEXT_RAM_2_4/I1[1]
                                0.20           0.13 f        -0.07  (VIOLATED)
   I_CONTEXT_MEM/I_CONTEXT_RAM_2_4/I1[2]
                                0.20           0.13 f        -0.07  (VIOLATED)
   I_CONTEXT_MEM/I_CONTEXT_RAM_2_4/I1[3]
                                0.20           0.13 f        -0.07  (VIOLATED)
   I_CONTEXT_MEM/I_CONTEXT_RAM_2_4/I1[4]
                                0.20           0.13 f        -0.07  (VIOLATED)
   I_CONTEXT_MEM/I_CONTEXT_RAM_2_4/I1[5]
                                0.20           0.13 f        -0.07  (VIOLATED)
   I_CONTEXT_MEM/I_CONTEXT_RAM_2_4/I1[6]
                                0.20           0.13 f        -0.07  (VIOLATED)
   I_CONTEXT_MEM/I_CONTEXT_RAM_2_4/I1[7]
                                0.20           0.13 f        -0.07  (VIOLATED)
   I_CONTEXT_MEM/I_CONTEXT_RAM_3_2/I1[0]
                                0.20           0.13 f        -0.07  (VIOLATED)
   I_CONTEXT_MEM/I_CONTEXT_RAM_3_2/I1[1]
                                0.20           0.13 f        -0.07  (VIOLATED)
   I_CONTEXT_MEM/I_CONTEXT_RAM_3_2/I1[2]
                                0.20           0.13 f        -0.07  (VIOLATED)
   I_CONTEXT_MEM/I_CONTEXT_RAM_3_2/I1[3]
                                0.20           0.13 f        -0.07  (VIOLATED)
   I_CONTEXT_MEM/I_CONTEXT_RAM_3_2/I1[4]
                                0.20           0.13 f        -0.07  (VIOLATED)
   I_CONTEXT_MEM/I_CONTEXT_RAM_3_2/I1[5]
                                0.20           0.13 f        -0.07  (VIOLATED)
   I_CONTEXT_MEM/I_CONTEXT_RAM_3_2/I1[6]
                                0.20           0.13 f        -0.07  (VIOLATED)
   I_CONTEXT_MEM/I_CONTEXT_RAM_3_2/I1[7]
                                0.20           0.13 f        -0.07  (VIOLATED)
   I_CONTEXT_MEM/I_CONTEXT_RAM_3_3/I1[0]
                                0.20           0.13 f        -0.07  (VIOLATED)
   I_CONTEXT_MEM/I_CONTEXT_RAM_3_3/I1[1]
                                0.20           0.13 f        -0.07  (VIOLATED)
   I_CONTEXT_MEM/I_CONTEXT_RAM_3_3/I1[2]
                                0.20           0.13 f        -0.07  (VIOLATED)
   I_CONTEXT_MEM/I_CONTEXT_RAM_3_3/I1[3]
                                0.20           0.13 f        -0.07  (VIOLATED)
   I_CONTEXT_MEM/I_CONTEXT_RAM_3_3/I1[4]
                                0.20           0.13 f        -0.07  (VIOLATED)
   I_CONTEXT_MEM/I_CONTEXT_RAM_3_3/I1[5]
                                0.20           0.13 f        -0.07  (VIOLATED)
   I_CONTEXT_MEM/I_CONTEXT_RAM_3_3/I1[6]
                                0.20           0.13 f        -0.07  (VIOLATED)
   I_CONTEXT_MEM/I_CONTEXT_RAM_3_3/I1[7]
                                0.20           0.13 f        -0.07  (VIOLATED)
   I_CONTEXT_MEM/I_CONTEXT_RAM_3_4/I1[0]
                                0.20           0.13 f        -0.07  (VIOLATED)
   I_CONTEXT_MEM/I_CONTEXT_RAM_3_4/I1[1]
                                0.20           0.13 f        -0.07  (VIOLATED)
   I_CONTEXT_MEM/I_CONTEXT_RAM_3_4/I1[2]
                                0.20           0.13 f        -0.07  (VIOLATED)
   I_CONTEXT_MEM/I_CONTEXT_RAM_3_4/I1[3]
                                0.20           0.13 f        -0.07  (VIOLATED)
   I_CONTEXT_MEM/I_CONTEXT_RAM_3_4/I1[4]
                                0.20           0.13 f        -0.07  (VIOLATED)
   I_CONTEXT_MEM/I_CONTEXT_RAM_3_4/I1[5]
                                0.20           0.13 f        -0.07  (VIOLATED)
   I_CONTEXT_MEM/I_CONTEXT_RAM_3_4/I1[6]
                                0.20           0.13 f        -0.07  (VIOLATED)
   I_CONTEXT_MEM/I_CONTEXT_RAM_3_4/I1[7]
                                0.20           0.13 f        -0.07  (VIOLATED)
   I_CONTEXT_MEM/I_CONTEXT_RAM_0_1/I1[0]
                                0.20           0.13 f        -0.07  (VIOLATED)
   I_CONTEXT_MEM/I_CONTEXT_RAM_0_1/I1[1]
                                0.20           0.13 f        -0.07  (VIOLATED)
   I_CONTEXT_MEM/I_CONTEXT_RAM_0_1/I1[2]
                                0.20           0.13 f        -0.07  (VIOLATED)
   I_CONTEXT_MEM/I_CONTEXT_RAM_0_1/I1[3]
                                0.20           0.13 f        -0.07  (VIOLATED)
   I_CONTEXT_MEM/I_CONTEXT_RAM_0_1/I1[4]
                                0.20           0.13 f        -0.07  (VIOLATED)
   I_CONTEXT_MEM/I_CONTEXT_RAM_0_1/I1[5]
                                0.20           0.13 f        -0.07  (VIOLATED)
   I_CONTEXT_MEM/I_CONTEXT_RAM_0_1/I1[6]
                                0.20           0.13 f        -0.07  (VIOLATED)
   I_CONTEXT_MEM/I_CONTEXT_RAM_0_1/I1[7]
                                0.20           0.13 f        -0.07  (VIOLATED)
   I_CONTEXT_MEM/I_CONTEXT_RAM_1_1/I1[0]
                                0.20           0.13 f        -0.07  (VIOLATED)
   I_CONTEXT_MEM/I_CONTEXT_RAM_1_1/I1[1]
                                0.20           0.13 f        -0.07  (VIOLATED)
   I_CONTEXT_MEM/I_CONTEXT_RAM_1_1/I1[2]
                                0.20           0.13 f        -0.07  (VIOLATED)
   I_CONTEXT_MEM/I_CONTEXT_RAM_1_1/I1[3]
                                0.20           0.13 f        -0.07  (VIOLATED)
   I_CONTEXT_MEM/I_CONTEXT_RAM_1_1/I1[4]
                                0.20           0.13 f        -0.07  (VIOLATED)
   I_CONTEXT_MEM/I_CONTEXT_RAM_1_1/I1[5]
                                0.20           0.13 f        -0.07  (VIOLATED)
   I_CONTEXT_MEM/I_CONTEXT_RAM_1_1/I1[6]
                                0.20           0.13 f        -0.07  (VIOLATED)
   I_CONTEXT_MEM/I_CONTEXT_RAM_1_1/I1[7]
                                0.20           0.13 f        -0.07  (VIOLATED)
   I_CONTEXT_MEM/I_CONTEXT_RAM_2_1/I1[0]
                                0.20           0.13 f        -0.07  (VIOLATED)
   I_CONTEXT_MEM/I_CONTEXT_RAM_2_1/I1[1]
                                0.20           0.13 f        -0.07  (VIOLATED)
   I_CONTEXT_MEM/I_CONTEXT_RAM_2_1/I1[2]
                                0.20           0.13 f        -0.07  (VIOLATED)
   I_CONTEXT_MEM/I_CONTEXT_RAM_2_1/I1[3]
                                0.20           0.13 f        -0.07  (VIOLATED)
   I_CONTEXT_MEM/I_CONTEXT_RAM_2_1/I1[4]
                                0.20           0.13 f        -0.07  (VIOLATED)
   I_CONTEXT_MEM/I_CONTEXT_RAM_2_1/I1[5]
                                0.20           0.13 f        -0.07  (VIOLATED)
   I_CONTEXT_MEM/I_CONTEXT_RAM_2_1/I1[6]
                                0.20           0.13 f        -0.07  (VIOLATED)
   I_CONTEXT_MEM/I_CONTEXT_RAM_2_1/I1[7]
                                0.20           0.13 f        -0.07  (VIOLATED)
   I_CONTEXT_MEM/I_CONTEXT_RAM_3_1/I1[0]
                                0.20           0.13 f        -0.07  (VIOLATED)
   I_CONTEXT_MEM/I_CONTEXT_RAM_3_1/I1[1]
                                0.20           0.13 f        -0.07  (VIOLATED)
   I_CONTEXT_MEM/I_CONTEXT_RAM_3_1/I1[2]
                                0.20           0.13 f        -0.07  (VIOLATED)
   I_CONTEXT_MEM/I_CONTEXT_RAM_3_1/I1[3]
                                0.20           0.13 f        -0.07  (VIOLATED)
   I_CONTEXT_MEM/I_CONTEXT_RAM_3_1/I1[4]
                                0.20           0.13 f        -0.07  (VIOLATED)
   I_CONTEXT_MEM/I_CONTEXT_RAM_3_1/I1[5]
                                0.20           0.13 f        -0.07  (VIOLATED)
   I_CONTEXT_MEM/I_CONTEXT_RAM_3_1/I1[6]
                                0.20           0.13 f        -0.07  (VIOLATED)
   I_CONTEXT_MEM/I_CONTEXT_RAM_3_1/I1[7]
                                0.20           0.13 f        -0.07  (VIOLATED)


   min_delay/hold ('v_PCI_CLK' group)

                             Required        Actual
   Endpoint                 Path Delay     Path Delay        Slack
   -----------------------------------------------------------------
   pad_out[0]                   1.50           1.05 r        -0.45  (VIOLATED)
   pad_out[1]                   1.50           1.05 r        -0.45  (VIOLATED)
   pad_out[2]                   1.50           1.05 r        -0.45  (VIOLATED)
   pad_out[3]                   1.50           1.05 r        -0.45  (VIOLATED)
   pad_out[4]                   1.50           1.05 r        -0.45  (VIOLATED)
   pad_out[5]                   1.50           1.05 r        -0.45  (VIOLATED)
   pad_out[6]                   1.50           1.05 r        -0.45  (VIOLATED)
   pad_out[7]                   1.50           1.05 r        -0.45  (VIOLATED)
   pad_out[8]                   1.50           1.05 r        -0.45  (VIOLATED)
   pad_out[9]                   1.50           1.05 r        -0.45  (VIOLATED)
   pad_out[10]                  1.50           1.05 r        -0.45  (VIOLATED)
   pad_out[11]                  1.50           1.05 r        -0.45  (VIOLATED)
   pad_out[12]                  1.50           1.05 r        -0.45  (VIOLATED)
   pad_out[13]                  1.50           1.05 r        -0.45  (VIOLATED)
   pad_out[14]                  1.50           1.05 r        -0.45  (VIOLATED)
   pad_out[15]                  1.50           1.05 r        -0.45  (VIOLATED)
   pad_out[16]                  1.50           1.05 r        -0.45  (VIOLATED)
   pad_out[17]                  1.50           1.05 r        -0.45  (VIOLATED)
   pad_out[18]                  1.50           1.05 r        -0.45  (VIOLATED)
   pad_out[19]                  1.50           1.05 r        -0.45  (VIOLATED)
   pad_out[20]                  1.50           1.05 r        -0.45  (VIOLATED)
   pad_out[21]                  1.50           1.05 r        -0.45  (VIOLATED)
   pad_out[22]                  1.50           1.05 r        -0.45  (VIOLATED)
   pad_out[23]                  1.50           1.05 r        -0.45  (VIOLATED)
   pad_out[24]                  1.50           1.05 r        -0.45  (VIOLATED)
   pad_out[25]                  1.50           1.05 r        -0.45  (VIOLATED)
   pad_out[26]                  1.50           1.05 r        -0.45  (VIOLATED)
   pad_out[27]                  1.50           1.05 r        -0.45  (VIOLATED)
   pad_out[28]                  1.50           1.05 r        -0.45  (VIOLATED)
   pad_out[29]                  1.50           1.05 r        -0.45  (VIOLATED)
   pad_out[30]                  1.50           1.05 r        -0.45  (VIOLATED)
   pad_out[31]                  1.50           1.05 r        -0.45  (VIOLATED)


   max_transition

                             Required        Actual
   Net                      Transition     Transition        Slack
   -----------------------------------------------------------------
   I_SDRAM_TOP/I_SDRAM_IF/n143
                                0.50           0.59          -0.09  (VIOLATED)
       PIN :   I_SDRAM_TOP/I_SDRAM_IF/U88/A
                                0.50           0.59          -0.09  (VIOLATED)
       PIN :   I_SDRAM_TOP/I_SDRAM_IF/U1605/A4
                                0.50           0.59          -0.09  (VIOLATED)
       PIN :   I_SDRAM_TOP/I_SDRAM_IF/U9931/A4
                                0.50           0.59          -0.09  (VIOLATED)
       PIN :   I_SDRAM_TOP/I_SDRAM_IF/U1458/A4
                                0.50           0.59          -0.09  (VIOLATED)
       PIN :   I_SDRAM_TOP/I_SDRAM_IF/U8662/A4
                                0.50           0.59          -0.09  (VIOLATED)
       PIN :   I_SDRAM_TOP/I_SDRAM_IF/U2011/A2
                                0.50           0.59          -0.09  (VIOLATED)
       PIN :   I_SDRAM_TOP/I_SDRAM_IF/U219/Y
                                0.50           0.59          -0.09  (VIOLATED)
   I_PCI_TOP/n2698              0.50           0.52          -0.02  (VIOLATED)
       PIN :   I_PCI_TOP/U22/A3
                                0.50           0.52          -0.02  (VIOLATED)
       PIN :   I_PCI_TOP/U454/CI
                                0.50           0.52          -0.02  (VIOLATED)
       PIN :   I_PCI_TOP/U3848/Y
                                0.50           0.52          -0.02  (VIOLATED)
   I_SDRAM_TOP/I_SDRAM_IF/n6477
                                0.50           0.51          -0.01  (VIOLATED)
       PIN :   I_SDRAM_TOP/I_SDRAM_IF/U3057/A1
                                0.50           0.51          -0.01  (VIOLATED)
       PIN :   I_SDRAM_TOP/I_SDRAM_IF/U9796/A1
                                0.50           0.51          -0.01  (VIOLATED)
       PIN :   I_SDRAM_TOP/I_SDRAM_IF/U96/A4
                                0.50           0.51          -0.01  (VIOLATED)
       PIN :   I_SDRAM_TOP/I_SDRAM_IF/U5896/A1
                                0.50           0.51          -0.01  (VIOLATED)
       PIN :   I_SDRAM_TOP/I_SDRAM_IF/U4653/A1
                                0.50           0.51          -0.01  (VIOLATED)
       PIN :   I_SDRAM_TOP/I_SDRAM_IF/U6441/A1
                                0.50           0.51          -0.01  (VIOLATED)
       PIN :   I_SDRAM_TOP/I_SDRAM_IF/U907/A4
                                0.50           0.51          -0.01  (VIOLATED)
       PIN :   I_SDRAM_TOP/I_SDRAM_IF/U736/A2
                                0.50           0.51          -0.01  (VIOLATED)
       PIN :   I_SDRAM_TOP/I_SDRAM_IF/U3984/A3
                                0.50           0.51          -0.01  (VIOLATED)
       PIN :   I_SDRAM_TOP/I_SDRAM_IF/U5143/A3
                                0.50           0.51          -0.01  (VIOLATED)
       PIN :   I_SDRAM_TOP/I_SDRAM_IF/U8911/A3
                                0.50           0.51          -0.01  (VIOLATED)
       PIN :   I_SDRAM_TOP/I_SDRAM_IF/U11003/A3
                                0.50           0.51          -0.01  (VIOLATED)
       PIN :   I_SDRAM_TOP/I_SDRAM_IF/U1835/A2
                                0.50           0.51          -0.01  (VIOLATED)
       PIN :   I_SDRAM_TOP/I_SDRAM_IF/U222/A
                                0.50           0.51          -0.01  (VIOLATED)
       PIN :   I_SDRAM_TOP/I_SDRAM_IF/U102/Y
                                0.50           0.51          -0.01  (VIOLATED)
   I_SDRAM_TOP/I_SDRAM_IF/n240
                                0.50           0.51          -0.01  (VIOLATED)
       PIN :   I_SDRAM_TOP/I_SDRAM_IF/U7854/A1
                                0.50           0.51          -0.01  (VIOLATED)
       PIN :   I_SDRAM_TOP/I_SDRAM_IF/U4871/A
                                0.50           0.51          -0.01  (VIOLATED)
       PIN :   I_SDRAM_TOP/I_SDRAM_IF/U353/A3
                                0.50           0.51          -0.01  (VIOLATED)
       PIN :   I_SDRAM_TOP/I_SDRAM_IF/U3902/A1
                                0.50           0.51          -0.01  (VIOLATED)
       PIN :   I_SDRAM_TOP/I_SDRAM_IF/U10681/A1
                                0.50           0.51          -0.01  (VIOLATED)
       PIN :   I_SDRAM_TOP/I_SDRAM_IF/U5767/A1
                                0.50           0.51          -0.01  (VIOLATED)
       PIN :   I_SDRAM_TOP/I_SDRAM_IF/U4535/A3
                                0.50           0.51          -0.01  (VIOLATED)
       PIN :   I_SDRAM_TOP/I_SDRAM_IF/U5145/A3
                                0.50           0.51          -0.01  (VIOLATED)
       PIN :   I_SDRAM_TOP/I_SDRAM_IF/U10880/A3
                                0.50           0.51          -0.01  (VIOLATED)
       PIN :   I_SDRAM_TOP/I_SDRAM_IF/U3847/A3
                                0.50           0.51          -0.01  (VIOLATED)
       PIN :   I_SDRAM_TOP/I_SDRAM_IF/U3827/A1
                                0.50           0.51          -0.01  (VIOLATED)
       PIN :   I_SDRAM_TOP/I_SDRAM_IF/U208/A
                                0.50           0.51          -0.01  (VIOLATED)
       PIN :   I_SDRAM_TOP/I_SDRAM_IF/U101/Y
                                0.50           0.51          -0.01  (VIOLATED)
   I_RISC_CORE/n16              0.07           0.07          -0.01  (VIOLATED)
       PIN :   I_RISC_CORE/I_DATA_PATH_Oprnd_B_reg_3_/Q
                                0.07           0.07          -0.01  (VIOLATED)
   n1786                        0.48           0.48           0.00  (VIOLATED: increase significant digits)

   -----------------------------------------------------------------
   Total                      6                  -0.14  

   max_capacitance

                             Required        Actual
   Net                      Capacitance    Capacitance       Slack
   -----------------------------------------------------------------
   I_SDRAM_TOP/I_SDRAM_IF/n286
                               64.00          67.01          -3.01  (VIOLATED)
   n1786                        8.00           8.18          -0.18  (VIOLATED)

   -----------------------------------------------------------------
   Total                      2                  -3.20  

   max_leakage_power

                             Required        Actual
   Design                   Leakage Power  Leakage Power     Slack
   -----------------------------------------------------------------
   ORCA_TOP                     0.00       226200912.00   -226200912.00
                                                                    (VIOLATED)


1
